[www.truyenartllc.com/index.html]
[backblue.gif]
[fade.gif]
[index.html]
[www.truyenartllc.com/uploads/1/5/3/1/153154201/a2.jpg]
[www.truyenartllc.com/uploads/1/5/3/1/153154201/3a.png]
[www.truyenartllc.com/uploads/1/5/3/1/153154201/chot9.png]
[www.truyenartllc.com/uploads/1/5/3/1/153154201/living-room-dining-room-2.jpg]
[www.truyenartllc.com/uploads/1/5/3/1/153154201/02-1.jpg]
[www.truyenartllc.com/uploads/1/5/3/1/153154201/exterior.png]
[www.truyenartllc.com/uploads/1/5/3/1/153154201/06.jpg]
[www.truyenartllc.com/uploads/1/5/3/1/153154201/kitchen-1.png]
[www.truyenartllc.com/uploads/1/5/3/1/153154201/14-16-morris-road-014.jpg]
[www.truyenartllc.com/uploads/1/5/3/1/153154201/e1.png]
[cdn2.editmysite.com/css/sites05bc.css]
[cdn2.editmysite.com/css/old/fancyboxc6f1.css]
[cdn2.editmysite.com/css/social-iconsbe9a.css]
[cdn2.editmysite.com/fonts/Montserrat/fontc81e.css]
[www.truyenartllc.com/files/main_styled28e.css]
[cdn2.editmysite.com/fonts/Open_Sans/fontc81e.css]
[cdn2.editmysite.com/fonts/Lato/fontc81e.css]
[cdn2.editmysite.com/fonts/Playfair_Display/fontc81e.css]
[www.truyenartllc.com/files/templateArtifactsd28e.js]
[cdn2.editmysite.com/js/jquery-1.8.3.min.js]
[www.google.com/recaptcha/api.js]
[cdn2.editmysite.com/js/lang/en/stl4584.js]
[cdn2.editmysite.com/js/site/main05bc.js]
[www.truyenartllc.com/uploads/1/5/3/1/153154201/published/218e7.png]
[www.truyenartllc.com/our-work.html]
[www.truyenartllc.com/about.html]
[www.truyenartllc.com/contact.html]
[www.truyenartllc.com/uploads/b/153154201-360091501976169670/video_1_450.jpg]
[www.truyenartllc.com/uploads/1/5/3/1/153154201/a2_orig.jpg]
[www.truyenartllc.com/uploads/1/5/3/1/153154201/3a_orig.png]
[www.truyenartllc.com/uploads/1/5/3/1/153154201/chot9_orig.png]
[www.truyenartllc.com/uploads/1/5/3/1/153154201/living-room-dining-room-2_orig.jpg]
[www.truyenartllc.com/uploads/1/5/3/1/153154201/02-1_orig.jpg]
[www.truyenartllc.com/uploads/1/5/3/1/153154201/exterior_orig.png]
[www.truyenartllc.com/uploads/1/5/3/1/153154201/06_orig.jpg]
[www.truyenartllc.com/uploads/1/5/3/1/153154201/kitchen-1_orig.png]
[www.truyenartllc.com/uploads/1/5/3/1/153154201/14-16-morris-road-014_orig.jpg]
[www.truyenartllc.com/uploads/1/5/3/1/153154201/e1_orig.png]
[www.truyenartllc.com/uploads/1/5/3/1/153154201/b_orig.jpg]
[www.truyenartllc.com/uploads/1/5/3/1/153154201/b.jpg]
[www.truyenartllc.com/uploads/1/5/3/1/153154201/d-01_orig.png]
[www.truyenartllc.com/uploads/1/5/3/1/153154201/d-01.png]
[www.truyenartllc.com/uploads/1/5/3/1/153154201/editor/03bc0d.png]
[www.truyenartllc.com/uploads/1/5/3/1/153154201/3131_orig.png]
[www.truyenartllc.com/uploads/1/5/3/1/153154201/published/c-m-logo-white-background-pdf-2194b.png]
[www.truyenartllc.com/uploads/1/5/3/1/153154201/published/screenshot-2024-04-08-153815d7ab.jpg]
[www.truyenartllc.com/uploads/1/5/3/1/153154201/editor/25db2.png]
[www.truyenartllc.com/cdn-cgi/l/email-protection.html]
[www.truyenartllc.com/cdn-cgi/scripts/5c5dd728/cloudflare-static/email-decode.min.js]
[www.truyenartllc.com/files/theme/plugins72c5.js]
[www.truyenartllc.com/files/theme/custom72c5.js]
[www.truyenartllc.com/index.html]
[cdn2.editmysite.com/images/util/videojs/white-bar.png]
[cdn2.editmysite.com/images/util/videojs/@2x/white-bar.png]
[cdn2.editmysite.com/images/util/videojs/gradient.png]
[cdn2.editmysite.com/images/util/videojs/@2x/gradient.png]
[cdn2.editmysite.com/sprites/util/videojs-sacae758aa2.png]
[cdn2.editmysite.com/sprites/util/videojs/@2x-s2aff7e7d9a.png]
[cdn2.editmysite.com/images/util/videojs/volume-filled.png]
[cdn2.editmysite.com/js/wsnbn/snowday262.js]
[cdn2.editmysite.com/images/util/videojs/@2x/volume-filled.png]
[cdn2.editmysite.com/images/util/videojs/volume-mute.png]
[cdn2.editmysite.com/images/util/videojs/@2x/volume-mute.png]
[cdn2.editmysite.com/images/util/videojs/blue-bar.png]
[cdn2.editmysite.com/images/util/videojs/@2x/blue-bar.png]
[cdn2.editmysite.com/images/util/videojs/maximize-icon.png]
[cdn2.editmysite.com/images/util/videojs/@2x/maximize-icon.png]
[cdn2.editmysite.com/images/util/videojs/minimize-icon.png]
[cdn2.editmysite.com/images/util/videojs/@2x/minimize-icon.png]
[cdn2.editmysite.com/images/util/videojs/play-icon.png]
[cdn2.editmysite.com/images/util/videojs/@2x/play-icon.png]
[cdn2.editmysite.com/images/util/videojs/sad-face.png]
[cdn2.editmysite.com/images/util/videojs/@2x/sad-face.png]
[cdn2.editmysite.com/images/util/videojs/loading-icon.png]
[cdn2.editmysite.com/images/util/videojs/@2x/loading-icon.png]
[cdn2.editmysite.com/images/common/buttons/small_grey.png]
[cdn2.editmysite.com/images/common/buttons/small_blue.png]
[cdn2.editmysite.com/images/old/button/large_grey.png]
[cdn2.editmysite.com/images/common/buttons/large_blue.png]
[cdn2.editmysite.com/images/common/search-light.png]
[cdn2.editmysite.com/images/common/social_icons.png]
[cdn2.editmysite.com/images/common/blog/blog-comment-button.png]
[cdn2.editmysite.com/images/common/blog/blog-comment-header.png]
[cdn2.editmysite.com/images/common/blog/blog-comment-pointer.png]
[cdn2.editmysite.com/images/common/blog/blog-comment-link.png]
[cdn2.editmysite.com/images/common/blog/blog-comment-header-author.png]
[cdn2.editmysite.com/images/common/blog/blog-comment-pointer-author.png]
[cdn2.editmysite.com/js/site/main-customer-accounts-site05bc.js]
[cdn2.editmysite.com/images/common/blog/blog-comment-field-bg.png]
[cdn2.editmysite.com/images/common/blog/dark-blog-comment-header.png]
[cdn2.editmysite.com/images/common/blog/dark-blog-comment-pointer.png]
[cdn2.editmysite.com/images/common/blog/dark-blog-comment-header-author.png]
[cdn2.editmysite.com/images/common/blog/dark-blog-comment-pointer-author.png]
[cdn2.editmysite.com/images/common/blog/dark-blog-comment-link.png]
[cdn2.editmysite.com/images/util/general/blank.gif]
[cdn2.editmysite.com/images/common/lightbox/prevlabel.gif]
[cdn2.editmysite.com/images/common/lightbox/nextlabel.gif]
[cdn2.editmysite.com/sprites/util/inputs/checkmarkBox-s7868418152.png]
[cdn2.editmysite.com/sprites/util/inputs/checkmarkBox/@2x-s211a47d318.png]
[cdn2.editmysite.com/images/util/inputs/search-input-bg.jpg]
[cdn2.editmysite.com/images/common/magnifying-glass.png]
[cdn2.editmysite.com/images/common/checkmarks/checkmark-mini.png]
[cdn2.editmysite.com/images/common/checkmarks/@2x/checkmark-mini.png]
[cdn2.editmysite.com/images/common/search-pagination-bg.png]
[cdn2.editmysite.com/images/util/general/top-triangle-000.png]
[cdn2.editmysite.com/images/util/general/bottom-triangle-000.png]
[cdn2.editmysite.com/images/util/general/top-triangle-000@2x.png]
[cdn2.editmysite.com/images/util/general/bottom-triangle-000@2x.png]
[cdn2.editmysite.com/sprites/common/social-icons-s5ea5500bdb.png]
[cdn2.editmysite.com/sprites/common/social-icons/@2x-s0ae7d70c70.png]
[cdn2.editmysite.com/sprites/site/mini-cart-s86c48effae.png]
[cdn2.editmysite.com/sprites/site/mini-cart/@2x-s576cbc3f90.png]
[cdn2.editmysite.com/images/loading.gif]
[cdn2.editmysite.com/sprites/site/mobile/commerce-sdf6d4e852c.png]
[cdn2.editmysite.com/sprites/site/mobile/commerce/@2x-s82f968c453.png]
[cdn2.editmysite.com/images/site/checkout/paypal.png]
[cdn2.editmysite.com/images/site/checkout/@2x/paypal.png]
[cdn2.editmysite.com/images/site/checkout/credit-cards.png]
[cdn2.editmysite.com/images/site/checkout/@2x/credit-cards.png]
[cdn2.editmysite.com/images/site/checkout/print.png]
[cdn2.editmysite.com/images/site/checkout/print@2x.png]
[cdn2.editmysite.com/images/vendor/select2/select2.png]
[cdn2.editmysite.com/images/vendor/select2/select2-spinner.gif]
[cdn2.editmysite.com/images/vendor/select2/select2x2.png]
[cdn2.editmysite.com/images/util/spinner/spinner-dark.png]
[cdn2.editmysite.com/images/util/spinner/spinner-light.png]
[cdn2.editmysite.com/images/util/loading-white-w24.gif]
[cdn2.editmysite.com/images/common/form_input_bg.gif]
[cdn2.editmysite.com/sprites/site/forms-s3786257308.png]
[cdn2.editmysite.com/sprites/site/forms/@2x-s47607b315a.png]
[cdn2.editmysite.com/images/blank.gif]
[cdn2.editmysite.com/images/old/photoswipe/loader.gif]
[cdn2.editmysite.com/images/old/photoswipe/error.gif]
[cdn2.editmysite.com/images/old/photoswipe/icons.png]
[cdn2.editmysite.com/images/old/photoswipe/icons@2x.png]
[cdn2.editmysite.com/css/sites05bc.css]
[cdn2.editmysite.com/images/old/fancybox/fancybox_sprite.png]
[cdn2.editmysite.com/images/old/fancybox/fancybox_loading.gif]
[cdn2.editmysite.com/images/old/fancybox/blank.gif]
[cdn2.editmysite.com/images/old/fancybox/fancybox_overlay.png]
[cdn2.editmysite.com/css/old/fancyboxc6f1.css]
[cdn2.editmysite.com/css/social-iconsbe9a.css]
[www.truyenartllc.com/files/theme/fonts/17c55b27-e9ab-43cd-b948-d49f97480d68d41d.eot]
[www.truyenartllc.com/files/theme/fonts/2e3f5cb9-101f-46cf-a7b3-dfaa58261e03d28e.woff2]
[www.truyenartllc.com/files/theme/fonts/fa19948e-5e38-4909-b31e-41acd170d6f2d28e.woff]
[www.truyenartllc.com/files/theme/fonts/6de0ce4d-9278-467b-b96f-c1f5f0a4c375d28e.ttf]
[www.truyenartllc.com/files/theme/fonts/9fd4ea0c-b19a-4b21-9fdf-37045707dd78.svg]
[www.truyenartllc.com/files/theme/fonts/8b498c39-fabe-4789-bb81-5e37c9ecddd3d41d.eot]
[www.truyenartllc.com/files/theme/fonts/1c6c1881-23c9-4d6a-a018-759d1c9ded15d28e.woff2]
[www.truyenartllc.com/files/theme/fonts/f0d655c5-a88a-49ad-bb29-f3b5cca41731d28e.woff]
[www.truyenartllc.com/files/theme/fonts/3a561c83-40d4-4868-8255-e8455eb009c4d28e.ttf]
[www.truyenartllc.com/files/theme/fonts/3966f856-9dcf-48e7-88e7-7400f1b7d619.svg]
[www.truyenartllc.com/files/theme/fonts/e9167238-3b3f-4813-a04a-a384394eed42d41d.eot]
[www.truyenartllc.com/files/theme/fonts/2cd55546-ec00-4af9-aeca-4a3cd186da53d28e.woff2]
[www.truyenartllc.com/files/theme/fonts/1e9892c0-6927-4412-9874-1b82801ba47ad28e.woff]
[www.truyenartllc.com/files/theme/fonts/46cf1067-688d-4aab-b0f7-bd942af6efd8d28e.ttf]
[www.truyenartllc.com/files/theme/fonts/52a192b1-bea5-4b48-879f-107f009b666f.svg]
[www.truyenartllc.com/files/theme/fonts/d1fddef1-d940-4904-8f6c-17e809462301d41d.eot]
[www.truyenartllc.com/files/theme/fonts/7377dbe6-f11a-4a05-b33c-bc8ce1f60f84d28e.woff2]
[www.truyenartllc.com/files/theme/fonts/92b66dbd-4201-4ac2-a605-4d4ffc8705ccd28e.woff]
[www.truyenartllc.com/files/theme/fonts/18839597-afa8-4f0b-9abb-4a30262d0da8d28e.ttf]
[www.truyenartllc.com/files/theme/fonts/1de7e6f4-9d4d-47e7-ab23-7d5cf10ab585.svg]
[www.truyenartllc.com/files/theme/fonts/1a7c9181-cd24-4943-a9d9-d033189524e0d41d.eot]
[www.truyenartllc.com/files/theme/fonts/627fbb5a-3bae-4cd9-b617-2f923e29d55ed28e.woff2]
[www.truyenartllc.com/files/theme/fonts/f26faddb-86cc-4477-a253-1e1287684336d28e.woff]
[www.truyenartllc.com/files/theme/fonts/63a74598-733c-4d0c-bd91-b01bffcd6e69d28e.ttf]
[www.truyenartllc.com/files/theme/fonts/a89d6ad1-a04f-4a8f-b140-e55478dbea80.svg]
[www.truyenartllc.com/files/theme/fonts/77a9cdce-ea6a-4f94-95df-e6a54555545ed41d.eot]
[www.truyenartllc.com/files/theme/fonts/3f380a53-50ea-4a62-95c5-d5d8dba03ab8d28e.woff2]
[www.truyenartllc.com/files/theme/fonts/8344e877-560d-44d4-82eb-9822766676f9d28e.woff]
[www.truyenartllc.com/files/theme/fonts/b28b01d9-78c5-46c6-a30d-9a62c8f407c5d28e.ttf]
[www.truyenartllc.com/files/theme/fonts/ed4d3c45-af64-4992-974b-c37cd12a9570.svg]
[www.truyenartllc.com/files/theme/images/default-bgd28e.jpg]
[www.truyenartllc.com/files/main_styled28e.css]
[www.truyenartllc.com/files/theme/images/select-dropdownd28e.svg]
[cdn2.editmysite.com/fonts/Montserrat/regular.woff2]
[cdn2.editmysite.com/fonts/Montserrat/regular.eot]
[cdn2.editmysite.com/fonts/Montserrat/regular.woff]
[cdn2.editmysite.com/fonts/Montserrat/regulard41d.eot]
[cdn2.editmysite.com/fonts/Montserrat/bold.woff2]
[cdn2.editmysite.com/fonts/Montserrat/regular.ttf]
[cdn2.editmysite.com/fonts/Montserrat/bold.eot]
[cdn2.editmysite.com/fonts/Montserrat/bold.woff]
[cdn2.editmysite.com/fonts/Montserrat/boldd41d.eot]
[cdn2.editmysite.com/fonts/Montserrat/fontc81e.css]
[cdn2.editmysite.com/fonts/Open_Sans/light.woff2]
[cdn2.editmysite.com/fonts/Montserrat/bold.ttf]
[cdn2.editmysite.com/fonts/Open_Sans/light.woff]
[cdn2.editmysite.com/fonts/Open_Sans/light.eot]
[cdn2.editmysite.com/fonts/Open_Sans/lightd41d.eot]
[cdn2.editmysite.com/fonts/Open_Sans/light.ttf]
[cdn2.editmysite.com/fonts/Open_Sans/regular.woff2]
[cdn2.editmysite.com/fonts/Open_Sans/regular.eot]
[cdn2.editmysite.com/fonts/Open_Sans/regular.woff]
[cdn2.editmysite.com/fonts/Open_Sans/regulard41d.eot]
[cdn2.editmysite.com/fonts/Open_Sans/bold.woff2]
[cdn2.editmysite.com/fonts/Open_Sans/regular.ttf]
[cdn2.editmysite.com/fonts/Open_Sans/bold.woff]
[cdn2.editmysite.com/fonts/Open_Sans/bold.eot]
[cdn2.editmysite.com/fonts/Open_Sans/boldd41d.eot]
[cdn2.editmysite.com/fonts/Open_Sans/bold.ttf]
[cdn2.editmysite.com/fonts/Open_Sans/lightitalic.woff2]
[cdn2.editmysite.com/fonts/Open_Sans/lightitalic.woff]
[cdn2.editmysite.com/fonts/Open_Sans/lightitalic.eot]
[cdn2.editmysite.com/fonts/Open_Sans/lightitalic.ttf]
[cdn2.editmysite.com/fonts/Open_Sans/lightitalicd41d.eot]
[cdn2.editmysite.com/fonts/Open_Sans/italic.c4.delayed]
[cdn2.editmysite.com/fonts/Open_Sans/italic.eot]
[cdn2.editmysite.com/fonts/Open_Sans/italic.woff]
[cdn2.editmysite.com/fonts/Open_Sans/italicd41d.eot]
[cdn2.editmysite.com/fonts/Open_Sans/bolditalic.woff2]
[cdn2.editmysite.com/fonts/Open_Sans/italic.ttf]
[cdn2.editmysite.com/fonts/Open_Sans/bolditalic.woff]
[cdn2.editmysite.com/fonts/Open_Sans/bolditalic.eot]
[cdn2.editmysite.com/fonts/Open_Sans/fontc81e.css]
[cdn2.editmysite.com/fonts/Open_Sans/bolditalicd41d.eot]
[cdn2.editmysite.com/fonts/Lato/light.woff2]
[cdn2.editmysite.com/fonts/Open_Sans/bolditalic.ttf]
[cdn2.editmysite.com/fonts/Lato/light.woff]
[cdn2.editmysite.com/fonts/Lato/light.eot]
[cdn2.editmysite.com/fonts/Lato/lightd41d.eot]
[cdn2.editmysite.com/fonts/Lato/lightitalic.woff2]
[cdn2.editmysite.com/fonts/Lato/lightitalic.eot]
[cdn2.editmysite.com/fonts/Lato/lightitalic.woff]
[cdn2.editmysite.com/fonts/Lato/light.ttf]
[cdn2.editmysite.com/fonts/Lato/lightitalicd41d.eot]
[cdn2.editmysite.com/fonts/Lato/regular.woff2]
[cdn2.editmysite.com/fonts/Lato/lightitalic.ttf]
[cdn2.editmysite.com/fonts/Lato/regular.woff]
[cdn2.editmysite.com/fonts/Lato/regular.eot]
[cdn2.editmysite.com/fonts/Lato/regulard41d.eot]
[cdn2.editmysite.com/fonts/Lato/italic.woff2]
[cdn2.editmysite.com/fonts/Lato/italic.eot]
[cdn2.editmysite.com/fonts/Lato/regular.ttf]
[cdn2.editmysite.com/fonts/Lato/italic.woff]
[cdn2.editmysite.com/fonts/Lato/italicd41d.eot]
[cdn2.editmysite.com/fonts/Lato/bold.woff2]
[cdn2.editmysite.com/fonts/Lato/italic.ttf]
[cdn2.editmysite.com/fonts/Lato/bold.woff]
[cdn2.editmysite.com/fonts/Lato/bold.eot]
[cdn2.editmysite.com/fonts/Lato/boldd41d.eot]
[cdn2.editmysite.com/fonts/Lato/bolditalic.woff2]
[cdn2.editmysite.com/fonts/Lato/bold.ttf]
[cdn2.editmysite.com/fonts/Lato/bolditalic.woff]
[cdn2.editmysite.com/fonts/Lato/bolditalic.eot]
[cdn2.editmysite.com/fonts/Lato/fontc81e.css]
[cdn2.editmysite.com/fonts/Lato/bolditalicd41d.eot]
[cdn2.editmysite.com/fonts/Playfair_Display/regular.woff2]
[cdn2.editmysite.com/fonts/Playfair_Display/regular.woff]
[cdn2.editmysite.com/fonts/Lato/bolditalic.ttf]
[cdn2.editmysite.com/fonts/Playfair_Display/regular.eot]
[cdn2.editmysite.com/fonts/Playfair_Display/bold.woff2]
[cdn2.editmysite.com/fonts/Playfair_Display/regulard41d.eot]
[cdn2.editmysite.com/fonts/Playfair_Display/regular.ttf]
[cdn2.editmysite.com/fonts/Playfair_Display/bold.woff]
[cdn2.editmysite.com/fonts/Playfair_Display/bold.eot]
[cdn2.editmysite.com/fonts/Playfair_Display/boldd41d.eot]
[cdn2.editmysite.com/fonts/Playfair_Display/italic.woff2]
[cdn2.editmysite.com/fonts/Playfair_Display/bold.ttf]
[cdn2.editmysite.com/fonts/Playfair_Display/italic.woff]
[cdn2.editmysite.com/fonts/Playfair_Display/italic.eot]
[cdn2.editmysite.com/fonts/Playfair_Display/italicd41d.eot]
[cdn2.editmysite.com/fonts/Playfair_Display/bolditalic.woff2]
[cdn2.editmysite.com/fonts/Playfair_Display/italic.ttf]
[cdn2.editmysite.com/fonts/Playfair_Display/bolditalic.woff]
[cdn2.editmysite.com/fonts/Playfair_Display/bolditalic.eot]
[cdn2.editmysite.com/fonts/Playfair_Display/fontc81e.css]
[www.truyenartllc.com/files/templateArtifactsd28e.js]
[www.truyenartllc.com/our-work.html]
[www.truyenartllc.com/uploads/1/5/3/1/153154201/img-9-full_1_orig.jpg]
[cdn2.editmysite.com/fonts/Playfair_Display/bolditalicd41d.eot]
[www.truyenartllc.com/uploads/1/5/3/1/153154201/logo1_2_orig.png]
[www.truyenartllc.com/uploads/1/5/3/1/153154201/logo3_2_orig.png]
[cdn2.editmysite.com/fonts/Playfair_Display/bolditalic.ttf]
[www.truyenartllc.com/uploads/1/5/3/1/153154201/logo2_2_orig.png]
[www.truyenartllc.com/uploads/1/5/3/1/153154201/logo4_2_orig.png]
[www.truyenartllc.com/_/uploads/1/5/3/1/153154201/background-images/1608928323.jpg_]
[www.truyenartllc.com/about.html]
[www.truyenartllc.com/_/uploads/1/5/3/1/153154201/background-images/1539792605.jpg_]
[www.truyenartllc.com/_/uploads/1/5/3/1/153154201/background-images/564860630.png_]
[www.truyenartllc.com/contact.html]
[www.truyenartllc.com/cdn-cgi/l/email-protection.html]
[www.truyenartllc.com/files/theme/fonts/9fd4ea0c-b19a-4b21-9fdf-37045707dd78.svg]
[www.truyenartllc.com/files/theme/fonts/3966f856-9dcf-48e7-88e7-7400f1b7d619.svg]
[www.truyenartllc.com/files/theme/fonts/52a192b1-bea5-4b48-879f-107f009b666f.svg]
[www.truyenartllc.com/files/theme/fonts/1de7e6f4-9d4d-47e7-ab23-7d5cf10ab585.svg]
[www.truyenartllc.com/files/theme/fonts/a89d6ad1-a04f-4a8f-b140-e55478dbea80.svg]
[www.truyenartllc.com/files/theme/fonts/ed4d3c45-af64-4992-974b-c37cd12a9570.svg]
[www.truyenartllc.com/files/theme/images/select-dropdownd28e.svg]
[www.truyenartllc.com/_/uploads/1/5/3/1/153154201/background-images/1608928323.html]
[www.truyenartllc.com/_/uploads/1/5/3/1/153154201/background-images/1539792605.html]
[www.truyenartllc.com/_/uploads/1/5/3/1/153154201/background-images/564860630.html]
